{% load static %}
<!-- Search Wrapper -->
<div class="search-wrapper">
    <!-- Close Btn -->
    <div class="close-btn"><i class="fa fa-times" aria-hidden="true"></i></div>

    <div class="container">
        <div class="row">
            <div class="col-12">
                <form action="{% url 'buscar' %}">
                    <input type="search" name="buscar" placeholder="Digite aqui o item que estÃ¡ procurando...">
                    <button type="submit"><i class="fa fa-search" aria-hidden="true"></i></button>
                </form>
            </div>
        </div>
    </div>
</div>