{% extends 'base.html' %}
{% load static %}
{% block content %}

    <!-- Preloader -->
    <div id="preloader" >
        <i class="circle-preloader" ></i>
        <img src="{% static 'img/core-img/spinner.png' %}" alt="">
    </div>

    <!-- Search Wrapper -->
    <div class="search-wrapper">
        <!-- Close Btn -->
        <div class="close-btn"><i class="fa fa-times" aria-hidden="true"></i></div>

        <div class="container">
            <div class="row">
                <div class="col-12">
                    <form action="#" method="post">
                        <input type="search" name="search" placeholder="O que está procurando...">
                        <button type="submit"><i class="fa fa-search" aria-hidden="true"></i></button>
                    </form>
                </div>
            </div>
        </div>
    </div>

    {% include 'partials/_menu.html' %}

    <div class="receipe-post-area section-padding-80">

        <!-- Receipe Slider -->
        <div class="container">
            <div class="row">
                <div class="col-12">
                    <div class="receipe-slider owl-carousel">
                        <img src="{% static 'img/login-img/goldenComLogo.jpeg' %}" alt="">
                    </div>
                </div>
            </div>
        </div>
        
        <!-- Receipe Content Area -->
        <div class="receipe-content-area">
            <div class="container">

                <div class="row">
                    <div class="col-12 col-md-8">
                        <div class="receipe-headline my-5">
                            <div class="receipe-duration">
                                <h6>Fundação da Empresa: 11 de Setembro de 2020</h6>
                                
                                <h6>Nome da empresa: Golden Bear Company
                                </h6>
                                <h6>Proprietario: Caio Henrique</h6>
                            </div>
                        </div>
                    </div>

                <div class="row">
                    <div class="col-12 col-lg-8">
                        <!-- Single Preparation Step -->
                        <h4>Sobre Nós</h4>
                        <div class="single-preparation-step d-flex">
                            <p align="justify">Lorem Ipsum is simply dummy text of the printing and typesetting industry. Lorem Ipsum has been the industry's standard dummy text ever since the 1500s, when an unknown printer took a galley of type and scrambled it to make a type specimen book. It has survived not only five centuries, but also the leap into electronic typesetting, remaining essentially unchanged. It was popularised in the 1960s with the release of Letraset sheets containing Lorem Ipsum passages, and more recently with desktop publishing software like Aldus PageMaker including versions of Lorem Ipsum. Lorem Ipsum is simply dummy text of the printing and typesetting industry. Lorem Ipsum has been the industry's standard dummy text ever since the 1500s, when an unknown printer took a galley of type and scrambled it to make a type specimen book. It has survived not only five centuries, but also the leap into electronic typesetting, remaining essentially unchanged. It was popularised in the 1960s with the release of Letraset sheets containing Lorem Ipsum passages, and more recently with desktop publishing software like Aldus PageMaker including versions of Lorem Ipsum.</p>
                        </div>
                    </div>

                    <!-- Ingredientes -->
                    <div class="col-12 col-lg-4">
                        <div class="ingredients">
                            <h4>Nossos produtos</h4>
                            <div class="ingredients">
                                <p align="justify">Lorem Ipsum is simply dummy text of the printing and typesetting industry. Lorem Ipsum has been the industry's standard dummy text ever since the 1500s, when an unknown printer took a galley of type and scrambled it to make a type specimen book. It has survived not only five centuries, but also the leap into electronic typesetting, remaining essentially unchanged. It was popularised in the 1960s with the release of Letraset sheets containing Lorem Ipsum passages, and more recently with desktop publishing software like Aldus PageMaker including versions of Lorem Ipsum. Lorem Ipsum is simply dummy text of the printing and typesetting industry. Lorem Ipsum has been the industry's standard dummy text ever since the 1500s, when an unknown printer took a galley of type and scrambled it to make a type specimen book. It has survived not only five centuries, but also the leap into electronic typesetting, remaining essentially unchanged. It was popularised in the 1960s with the release of Letraset sheets containing Lorem Ipsum passages, and more recently with desktop publishing software like Aldus PageMaker including versions of Lorem Ipsum.</p>
                            </p>
                            </div>
                        </div>
                    </div>
                </div>
                <!-- Ingredientes -->

    {% include 'partials/_footer.html' %}
{% endblock %}